// Jest Snapshot v1, https://goo.gl/fbAQLP

exports[`ForgotPasswordForm Should render correctly 1`] = `
<div>
  <form>
    <input
      placeholder="email"
      type="email"
    />
    <button>
      Enviar
    </button>
  </form>
</div>
`;
