// Jest Snapshot v1, https://goo.gl/fbAQLP

exports[`Change Password Confirm Should render correctly 1`] = `
<div>
  <h2>
    auhsdhudsh
  </h2>
</div>
`;
